
andre@LAPTOP-ATJR7TLI MINGW64 /
$ cd
sdkf
andre@LAPTOP-ATJR7TLI MINGW64 ~ (master)
$ sdkf
bash: sdkf: command not found

andre@LAPTOP-ATJR7TLI MINGW64 ~ (master)
$ cd OneDrive/Coding\ Doji/python_stack/my_environments/

andre@LAPTOP-ATJR7TLI MINGW64 ~/OneDrive/Coding Doji/python_stack/my_environments (master)
$ source py3Env/Scripts/activate
(py3Env)
andre@LAPTOP-ATJR7TLI MINGW64 ~/OneDrive/Coding Doji/python_stack/my_environments (master)
$ pip list
DEPRECATION: The default format will switch to columns in the future. You can use --format=(legacy|columns) (or define a format=(legacy|columns) in your pip.conf under the [list] section) to disable this warning.
pip (9.0.1)
setuptools (28.8.0)
You are using pip version 9.0.1, however version 19.2.3 is available.
You should consider upgrading via the 'python -m pip install --upgrade pip' command.
(py3Env)
andre@LAPTOP-ATJR7TLI MINGW64 ~/OneDrive/Coding Doji/python_stack/my_environments (master)
$ python -m pip install --upgrade pip
Collecting pip
  Using cached https://files.pythonhosted.org/packages/30/db/9e38760b32e3e7f40cce46dd5fb107b8c73840df38f0046d8e6514e675a1/pip-19.2.3-py2.py3-none-any.whl
Installing collected packages: pip
  Found existing installation: pip 9.0.1
    Uninstalling pip-9.0.1:
      Successfully uninstalled pip-9.0.1
Successfully installed pip-19.2.3
(py3Env)
andre@LAPTOP-ATJR7TLI MINGW64 ~/OneDrive/Coding Doji/python_stack/my_environments (master)
$ deactivate

andre@LAPTOP-ATJR7TLI MINGW64 ~/OneDrive/Coding Doji/python_stack/my_environments (master)
$ pip3 list
Package    Version
---------- -------
pip        19.2.3
setuptools 28.8.0
xlwt       1.3.0

andre@LAPTOP-ATJR7TLI MINGW64 ~/OneDrive/Coding Doji/python_stack/my_environments (master)
$ source py3Env/Scripts/activate
(py3Env)
andre@LAPTOP-ATJR7TLI MINGW64 ~/OneDrive/Coding Doji/python_stack/my_environments (master)
$ pip install Django==1.11.9
Collecting Django==1.11.9
  Downloading https://files.pythonhosted.org/packages/c8/a6/291039f0ce4b9818e0399359866337e6dfe9c0e23d8d94f00e657edbfcd8/Django-1.11.9-py2.py3-none-any.whl (6.9MB)
Collecting pytz (from Django==1.11.9)
  Downloading https://files.pythonhosted.org/packages/87/76/46d697698a143e05f77bec5a526bf4e56a0be61d63425b68f4ba553b51f2/pytz-2019.2-py2.py3-none-any.whl (508kB)
Installing collected packages: pytz, Django
Successfully installed Django-1.11.9 pytz-2019.2
(py3Env)
andre@LAPTOP-ATJR7TLI MINGW64 ~/OneDrive/Coding Doji/python_stack/my_environments (master)
$ pip freeze
Django==1.11.9
pytz==2019.2
(py3Env)
andre@LAPTOP-ATJR7TLI MINGW64 ~/OneDrive/Coding Doji/python_stack/my_environments (master)
$ cd ~/Desktop
(py3Env)
andre@LAPTOP-ATJR7TLI MINGW64 ~/Desktop (master)
$ pip freeze > requirements.text
(py3Env)
andre@LAPTOP-ATJR7TLI MINGW64 ~/Desktop (master)
$ ls
desktop.ini  requirements.text
(py3Env)
andre@LAPTOP-ATJR7TLI MINGW64 ~/Desktop (master)
$ pip uninstall Django
Uninstalling Django-1.11.9:
  Would remove:
    c:\users\andre\onedrive\coding doji\python_stack\my_environments\py3env\lib\site-packages\django-1.11.9.dist-info\*
    c:\users\andre\onedrive\coding doji\python_stack\my_environments\py3env\lib\site-packages\django\*
    c:\users\andre\onedrive\coding doji\python_stack\my_environments\py3env\scripts\django-admin.exe
    c:\users\andre\onedrive\coding doji\python_stack\my_environments\py3env\scripts\django-admin.py
Proceed (y/n)? y
  Successfully uninstalled Django-1.11.9
(py3Env)
andre@LAPTOP-ATJR7TLI MINGW64 ~/Desktop (master)
$ pip show Django
(py3Env)
andre@LAPTOP-ATJR7TLI MINGW64 ~/Desktop (master)
$ pipi seach Flask
bash: pipi: command not found
(py3Env)
andre@LAPTOP-ATJR7TLI MINGW64 ~/Desktop (master)
$ pip search Flask
Flask-OrientDB (0.1)        - A Flask extension for using OrientDB with Flask
Flask-SimpleMDE (0.3.0)     - Flask-SimpleMDE - a Flask extension for SimpleMDE
Flask-Pure (0.5)            - Flask-Pure - a Flask extension for Pure.css
Flask-AutoIndex (0.6.4)     - The mod_autoindex for Flask
Flask-Clearbit (0.1.0)      - Flask-Clearbit
Flask-FontAwesome (0.1.2)   - FontAwesome for Flask
Flask-Chargebee (0.0.1)     - Flask-Chargebee
Flask-Keen (0.1.0)          - Flask-Keen
Flask-Gears (0.2)           - Gears for Flask
Flask-NextCaller (0.1.0)    - Flask-NextCaller
Flask-TaskTiger (0.0.1)     - Flask TaskTiger
Flask-Weixin (0.5.0)        - Weixin for Flask.
flask-ypaginate (0.1.3)     - Pagination for Flask
Flask-OAuthlib (0.9.5)      - OAuthlib for Flask
Flask-Mustache (0.4.1)      - Mustache for Flask
Fifty-Flask (1.4.0)         - Flask enhancements.
Flask-Shopify (0.2)         - Shopify Flask
Flask-Ext (0.1)             - Extensions of Flask
Flask-SRI (0.1.0)           - Flask-SRI
flask-ws (0.0.1.0)          - Websocket for flask.
Flask-Intercom (0.1.0)      - Flask-Intercom
Flask-SPF (0.0.0)           - Flask-SPF
flask-toolbox (0.0.2)       - A flask toolbox.
Flask-Turbolinks (0.2.0)    - Turbolinks for Flask.
Flask-Watson (0.1.0)        - Flask-Watson
Flask-FileRev (0.1.0)       - Flask-FileRev
Flask-Helper (0.19)         - Flask Helper
Flask-GripControl (0.0.1)   - Flask GripControl
sockjs-flask (0.3)          - SockJs for Flask
Flask-Stripe (0.1.0)        - Flask-Stripe
Flask-Quik (0.1.1)          - Quik for Flask
Flask-BDEA (0.1.0)          - Flask-BDEA
Flask-ElasticUtils (0.1.7)  - ElasticUtils for Flask
Flask-PubSub (0.1.0)        - Flask-PubSub
Flask-Waitress (0.0.1)      - Flask Waitress
flask-helloworld (1.0.0)    - Flask Helloworld
flask-zs (0.0.18)           - A helpers for Flask.
flask-myapi (0.1)           - Flask-MyAPI - RESTful support library for Flask
Flask-Diced (0.3)           - Flask-Diced - CRUD views generator for Flask
airbrake-flask (1.0.7)      - airbrake-flask - Airbrake client for Python Flask
Flask-GeoIP (0.1.3)         - Flask-GeoIP
-------------

Simple Flask extension for pygeoip.
Flask-RESTive (0.0.3)       - Flask RESTive is a REST API Flask extension based on Flask-RESTful & Marshmallow.
Flask-LoginManager (1.1.6)  - Flask-Loginmanager supports multiple roles and permissions for Flask, inspired by Flask-Login
Flask-FlatPagesCut (0.5.1)  - Flask-FlatPagesCut is fork Flask-FlatPages (Provides flat static pages to a Flask application)
flask-filters (0.3)         - The Flask Filter to use with flask-restful and Relational DB
flask-stylus2css (0.1)      - A small Flask extension that adds Stylus support to Flask.
flask-coffee2js (0.1.2)     - A small Flask extension that adds CoffeScript support to Flask.
Flask-Collect (1.3.2)       - Flask-Collect -- Collect static files in Flask application
flask-shell (0.1.3)         - Flask extension to improve shell command for the Flask CLI.
flask-lesscss (0.9.1)       - A small Flask extension that adds LessCSS support to Flask.
flask-manager (0.0.1)       - A CRUD manager for Flask
flask-peewee (3.0.3)        - Peewee integration for flask
Flask-Extension (1.0)       - Demo for flask extension.
flask-blueprint (1.3.0)     - Flask blueprint generator
Flask-RESTify (0.1.3)       - Flask REST framework
flask-journey (0.1.4)       - Flask blueprint management
Flask-Celery (2.4.3)        - Celery integration for Flask
Flask-Profile (0.2)         - Flask Application Profiler
Flask-WebSocket (1.0)       - simple websocket for Flask
flask-tools (0.1.0)         - Tools for Flask application.
flask-webauthn (0.1)        - A WebAuthn Extension for Flask.
Flask-ZODB (0.1)            - Use the ZODB with Flask
Flask-Builder (0.9)         - Flask-application factory
Flask-Psycopg2 (1.3)        - postgresql adapter for Flask
Flask-Pigeon (0.11)         - Flask messages extension.
Flask-RangeRequest (0.0.0)  - Range Requests for Flask
Flask-RQ2 (18.3)            - A Flask extension for RQ.
Flask-Selfdoc (1.2.2)       - Documentation generator for flask
Flask-OAuthRes (0.2.0)      - OAuth Resource for Flask
flask-simple (0.0.1)        - SimpleDB integration for Flask.
Flask-pymysql (0.2.3)       - pymysql extension for Flask
Flask-Captain (0.1.1)       - Handle webhooks with Flask
flask-utils (0.1.1)         - Various Flask utilities.
Flask-Bcrypt (0.7.1)        - Brcrypt hashing for Flask.
Flask-QiniuStorage (0.9.5)  - Qiniu Storage for Flask
flask-monitor (0.2.6)       - Flask Monitor module
flask-dynamo (0.1.2)        - DynamoDB integration for Flask.
Flask-Script (2.0.6)        - Scripting support for Flask
Flask-Lastuser (0.3.12)     - Flask extension for Lastuser
Flask-Auth (0.85)           - Auth extension for Flask.
Flask-PyMemcache (0.0.5)    - pymemcache integration for Flask
flask-webpackext (1.0.0)    - Webpack integration for Flask.
lantern-flask (0.0.47)      - Lantern Flask Tools
flask-loguru (1.0.0)        - Flask extension of loguru
Flask-Principal (0.4.0)     - Identity management for flask
Flask-qiniu (2.0.5)         - Flask Qiniu extension
Flask-Raptor (0.1)          - Raptor support for Flask
Flask-pysnow (0.1.3)        - Flask extension for pysnow
Flask-Wings (0.5)           - Boilerplate Flask extension.
flask-hsrpc (0.1.15)        - flask hsrpc plugin
Flask-Redislite (0.1.1)     - Using Flask with Redislite
flask-bluestatic (0.1.0)    - Flask BlueStatic module
Flask-Fulfil (0.3.1)        - Fulfil.IO for Flask Apps
protean-flask (0.0.11)      - Protean Flask Extension
Flask-FluidDB (0.1)         - Fluiddb access for flask
Flask-SQLService (0.1.0)    - Flask extension for sqlservice
Flask-Stupe (4.1.2)         - a.k.a. &#171; Flask on steroids &#187;
Flask-DBKit (0.0.1)         - dbkit integration for Flask.
Flask-PyOTP (0.0.1)         - PyOTP warpper for flask.
flask-macros (0.1.5)        - macros for flask projects
(py3Env)
andre@LAPTOP-ATJR7TLI MINGW64 ~/Desktop (master)
$
